[p1 "meologue" | space "measure meologue todo UI vs todoist"(32): 1 managed, 0 untracked — p1* "meologue"]
root
  container "Notifications alt+T" [ref=1]
    ordered_list [ref=2]
      list_item [ref=3]
        text "Completed "naukri photo update""
        button [ref=4]
          text "Undo"
  container
    container "Todo"
      anchor [ref=5, url=http://127.0.0.1:5188/todo/inbox]
        svg_root
        text "Add task"
      anchor [ref=6, loc=href:/todo/search, url=http://127.0.0.1:5188/todo/search]
        svg_root
        text "Search"
      container
        anchor [ref=7, url=http://127.0.0.1:5188/todo/inbox]
          svg_root
          text "Inbox"
          text "2"
        anchor [ref=8, loc=href:/todo/today, url=http://127.0.0.1:5188/todo/today]
          svg_root
          text "Today"
          text "1"
        anchor [ref=9, loc=href:/todo/upcoming, url=http://127.0.0.1:5188/todo/upcoming]
          svg_root
          text "Upcoming"
          text "2"
        anchor [ref=10, loc=href:/todo/filters, url=http://127.0.0.1:5188/todo/filters]
          svg_root
          text "Filters & Labels"
      container
        heading
          text "Projects"
        paragraph
          text "No Projects yet — add one from the Projects list."
    container "Resize the conversation list" [ref=11]
    container
      container
        text "Todo"
        image "Sync is off"
      container
        container
          textfield "Add a Task" [ref=12]
            text "Add a Task"
          button [ref=13]
            text "Add"
        unordered_list
          list_item
            button "Reorder or reparent "Room clean" — arrow keys to move, Alt+arrow keys to indent or outdent" [ref=14]
              svg_root
            checkbox "Room clean" [ref=15, loc=css:input[aria-label="Room clean"]]
            container
              button [ref=16]
                text "Room clean"
              text "Today"
            button "Edit "Room clean"" [ref=17, loc=css:button[aria-label="Edit \"Room clean\""]]
              svg_root
            button "Date "Room clean"" [ref=18, loc=css:button[aria-label="Date \"Room clean\""]]
              svg_root
            button "Comment on "Room clean"" [ref=19, loc=css:button[aria-label="Comment on \"Room clean\""]]
              svg_root
            button "More actions for "Room clean"" [ref=20, loc=css:button[aria-label="More actions for \"Room clean\""]]
              svg_root
          list_item
            button "Reorder or reparent "hair wash" — arrow keys to move, Alt+arrow keys to indent or outdent" [ref=21]
              svg_root
            checkbox "hair wash" [ref=22, loc=css:input[aria-label="hair wash"]]
            container
              button [ref=23]
                text "hair wash"
              container
                text "Tomorrow"
                container
                  text "P"
                  text "1"
            button "Edit "hair wash"" [ref=24, loc=css:button[aria-label="Edit \"hair wash\""]]
              svg_root
            button "Date "hair wash"" [ref=25, loc=css:button[aria-label="Date \"hair wash\""]]
              svg_root
            button "Comment on "hair wash"" [ref=26, loc=css:button[aria-label="Comment on \"hair wash\""]]
              svg_root
            button "More actions for "hair wash"" [ref=27, loc=css:button[aria-label="More actions for \"hair wash\""]]
              svg_root
          list_item
        container [ref=28]
          text "Completed ("
          text "1"
          text ")"


