{
  "ancestorsFromInboxLink": [
    {
      "tag": "A",
      "class": "flex items-center gap-2.5 rounded-md px-2 py-1.5 hover:bg-muted active",
      "id": "",
      "rect": {
        "w": 290,
        "h": 32,
        "x": 8,
        "y": 8
      },
      "bg": "rgba(0, 0, 0, 0)"
    },
    {
      "tag": "NAV",
      "class": "flex h-full flex-col gap-1 overflow-y-auto bg-muted p-2 text-[length:var(--td-chrome-font-size)]",
      "id": "",
      "rect": {
        "w": 306,
        "h": 836,
        "x": 0,
        "y": 0
      },
      "bg": "rgb(38, 38, 38)"
    },
    {
      "tag": "DIV",
      "class": "flex w-[clamp(260px,var(--list-w),min(560px,calc(100vw-360px)))] shrink-0 overflow-hidden",
      "id": "",
      "rect": {
        "w": 320,
        "h": 836,
        "x": 0,
        "y": 0
      },
      "bg": "rgba(0, 0, 0, 0)"
    },
    {
      "tag": "DIV",
      "class": "flex h-[calc(100svh-var(--keyboard-inset))] w-full overflow-hidden bg-background [padding-left:env(safe-area-inset-left)] [padding-right:env(safe-area-inset-right)]",
      "id": "",
      "rect": {
        "w": 1470,
        "h": 836,
        "x": 0,
        "y": 0
      },
      "bg": "rgb(31, 31, 31)"
    },
    {
      "tag": "DIV",
      "class": "",
      "id": "root",
      "rect": {
        "w": 1470,
        "h": 836,
        "x": 0,
        "y": 0
      },
      "bg": "rgba(0, 0, 0, 0)"
    },
    {
      "tag": "BODY",
      "class": "",
      "id": "",
      "rect": {
        "w": 1470,
        "h": 836,
        "x": 0,
        "y": 0
      },
      "bg": "rgb(31, 31, 31)"
    },
    {
      "tag": "HTML",
      "class": "dark",
      "id": "",
      "rect": {
        "w": 1470,
        "h": 836,
        "x": 0,
        "y": 0
      },
      "bg": "rgba(0, 0, 0, 0)"
    }
  ],
  "rowCount": 4,
  "bodyClassList": "",
  "htmlClassList": "dark"
}

