{
  "ancestorsFromAddBtn": [
    {
      "tag": "BUTTON",
      "class": "group/button inline-flex shrink-0 items-center justify-center rounded-lg border border-transparent bg-clip-padding text-sm font-medium whitespace-nowrap transition-all outline-none select-none focus-visible:border-ring focus-visible:ring-3 focus-visible:ring-ring/50 active:not-aria-[haspopup]:translate-y-px disabled:pointer-events-none disabled:opacity-50 aria-invalid:border-destructive aria-invalid:ring-3 aria-invalid:ring-destructive/20 dark:aria-invalid:border-destructive/50 dark:aria-invalid:ring-destructive/40 [&_svg]:pointer-events-none [&_svg]:shrink-0 [&_svg:not([class*='size-'])]:size-4 bg-primary text-primary-foreground hover:bg-primary/80 h-8 gap-1.5 px-2.5 has-data-[icon=inline-end]:pr-2 has-data-[icon=inline-start]:pl-2",
      "rect": {
        "w": 48,
        "h": 32,
        "x": 1308,
        "y": 85
      },
      "bg": "oklch(0.922 0 0)"
    },
    {
      "tag": "DIV",
      "class": "flex gap-2 border-t border-border p-3",
      "rect": {
        "w": 939,
        "h": 57,
        "x": 430,
        "y": 72
      },
      "bg": "rgba(0, 0, 0, 0)"
    },
    {
      "tag": "DIV",
      "class": "mx-auto flex w-[97%] flex-col gap-4 px-4 py-4 md:w-[85%]",
      "rect": {
        "w": 971,
        "h": 366,
        "x": 414,
        "y": 56
      },
      "bg": "rgba(0, 0, 0, 0)"
    },
    {
      "tag": "DIV",
      "class": "relative flex-1 overflow-x-hidden overflow-y-auto",
      "rect": {
        "w": 1142,
        "h": 780,
        "x": 328,
        "y": 56
      },
      "bg": "rgba(0, 0, 0, 0)"
    },
    {
      "tag": "DIV",
      "class": "relative flex min-h-0 flex-1 flex-col",
      "rect": {
        "w": 1142,
        "h": 780,
        "x": 328,
        "y": 56
      },
      "bg": "rgba(0, 0, 0, 0)"
    },
    {
      "tag": "DIV",
      "class": "flex h-full min-w-0 flex-1 flex-col overflow-hidden bg-background",
      "rect": {
        "w": 1142,
        "h": 836,
        "x": 328,
        "y": 0
      },
      "bg": "rgb(31, 31, 31)"
    },
    {
      "tag": "DIV",
      "class": "flex h-[calc(100svh-var(--keyboard-inset))] w-full overflow-hidden bg-background [padding-left:env(safe-area-inset-left)] [padding-right:env(safe-area-inset-right)]",
      "rect": {
        "w": 1470,
        "h": 836,
        "x": 0,
        "y": 0
      },
      "bg": "rgb(31, 31, 31)"
    },
    {
      "tag": "DIV",
      "class": "",
      "rect": {
        "w": 1470,
        "h": 836,
        "x": 0,
        "y": 0
      },
      "bg": "rgba(0, 0, 0, 0)"
    },
    {
      "tag": "BODY",
      "class": "",
      "rect": {
        "w": 1470,
        "h": 836,
        "x": 0,
        "y": 0
      },
      "bg": "rgb(31, 31, 31)"
    },
    {
      "tag": "HTML",
      "class": "dark",
      "rect": {
        "w": 1470,
        "h": 836,
        "x": 0,
        "y": 0
      },
      "bg": "rgba(0, 0, 0, 0)"
    }
  ],
  "h1": null
}

