{
  "todoEls": [
    {
      "tag": "SPAN",
      "class": "flex items-center gap-2 font-heading text-base font-medium",
      "text": "Todo",
      "rect": {
        "w": 53,
        "h": 24,
        "x": 344,
        "y": 16
      },
      "fontSize": "16px",
      "fontWeight": "500",
      "lineHeight": "24px",
      "textAlign": "start"
    }
  ],
  "headings": [
    {
      "tag": "H2",
      "class": "px-2 py-1 font-medium text-muted-foreground text-xs",
      "text": "Projects",
      "rect": {
        "w": 290,
        "h": 24,
        "x": 8,
        "y": 229
      },
      "fontSize": "12px",
      "fontWeight": "500",
      "lineHeight": "16px",
      "textAlign": "start"
    }
  ]
}

