{
  "rowMeasures": [
    {
      "idx": 0,
      "height": 59,
      "width": 939,
      "borderBottom": "0px solid rgb(61, 61, 61)",
      "borderTop": "0px solid rgb(61, 61, 61)",
      "paddingLeft": "0px",
      "titleInfo": {
        "fontSize": "16px",
        "lineHeight": "24px",
        "color": "rgb(204, 204, 204)",
        "text": ""
      }
    },
    {
      "idx": 1,
      "height": 59,
      "width": 939,
      "borderBottom": "0px solid rgb(61, 61, 61)",
      "borderTop": "0px solid rgb(61, 61, 61)",
      "paddingLeft": "0px",
      "titleInfo": {
        "fontSize": "16px",
        "lineHeight": "24px",
        "color": "rgb(204, 204, 204)",
        "text": ""
      }
    }
  ],
  "count": 2
}

