{
  "rowMeasures": [
    {
      "idx": 0,
      "liClass": "",
      "height": 59,
      "width": 939,
      "cs_borderBottom": "0px solid rgb(61, 61, 61)",
      "cs_borderBottomWidth": "0px",
      "cs_boxShadow": "none",
      "titleInfo": {
        "fontSize": "14px",
        "lineHeight": "21px",
        "color": "rgb(255, 255, 255)",
        "text": "Room clean"
      },
      "dateInfo": [
        {
          "text": "Today",
          "fontSize": "12px",
          "color": "rgb(169, 112, 255)",
          "tag": "SPAN",
          "class": ""
        }
      ]
    },
    {
      "idx": 1,
      "liClass": "",
      "height": 59,
      "width": 939,
      "cs_borderBottom": "0px solid rgb(61, 61, 61)",
      "cs_borderBottomWidth": "0px",
      "cs_boxShadow": "none",
      "titleInfo": {
        "fontSize": "14px",
        "lineHeight": "21px",
        "color": "rgb(255, 255, 255)",
        "text": "hair wash"
      },
      "dateInfo": [
        {
          "text": "Tomorrow",
          "fontSize": "12px",
          "color": "rgb(169, 112, 255)",
          "tag": "SPAN",
          "class": ""
        }
      ]
    }
  ],
  "count": 2
}

