{
  "roomClean": {
    "w": 18,
    "h": 18,
    "boxShadow": "rgb(169, 169, 169) 0px 0px 0px 1px",
    "borderRadius": "3.35544e+07px"
  },
  "hairWash": {
    "w": 18,
    "h": 18,
    "boxShadow": "rgb(255, 112, 102) 0px 0px 0px 1px",
    "borderRadius": "3.35544e+07px"
  },
  "dividerInfo": [
    {
      "x": 430,
      "width": 939,
      "liX": 430,
      "liWidth": 939,
      "borderBottomWidth": "1px",
      "borderBottomStyle": "solid",
      "borderBottomColor": "rgb(61, 61, 61)",
      "paddingLeft": "12px"
    },
    {
      "x": 430,
      "width": 939,
      "liX": 430,
      "liWidth": 939,
      "borderBottomWidth": "1px",
      "borderBottomStyle": "solid",
      "borderBottomColor": "rgb(61, 61, 61)",
      "paddingLeft": "12px"
    }
  ]
}

