[p1 "meologue" | space "measure meologue todo UI vs todoist"(32): 1 managed, 0 untracked — p1* "meologue"]
root
  container
    container "Todo"
      anchor [ref=1, url=http://127.0.0.1:5188/todo/inbox]
        svg_root
        text "Add task"
      anchor [ref=2, loc=href:/todo/search, url=http://127.0.0.1:5188/todo/search]
        svg_root
        text "Search"
      container
        anchor [ref=3, url=http://127.0.0.1:5188/todo/inbox]
          svg_root
          text "Inbox"
          text "2"
        anchor [ref=4, loc=href:/todo/today, url=http://127.0.0.1:5188/todo/today]
          svg_root
          text "Today"
          text "1"
        anchor [ref=5, loc=href:/todo/upcoming, url=http://127.0.0.1:5188/todo/upcoming]
          svg_root
          text "Upcoming"
          text "2"
        anchor [ref=6, loc=href:/todo/filters, url=http://127.0.0.1:5188/todo/filters]
          svg_root
          text "Filters & Labels"
      container
        heading
          text "Projects"
        paragraph
          text "No Projects yet — add one from the Projects list."
    container "Resize the conversation list" [ref=7]
    container
      container
        text "Todo"
        image "Sync is off"
      container
        container
          textfield "Add a Task" [ref=8]
            text "Add a Task"
          button [ref=9]
            text "Add"
        unordered_list
          list_item
            button "Reorder or reparent "Room clean" — arrow keys to move, Alt+arrow keys to indent or outdent" [ref=10]
              svg_root
            checkbox "Room clean" [ref=11, loc=css:input[aria-label="Room clean"]]
            container
              button [ref=12]
                text "Room clean"
              text "Today"
            button "Edit "Room clean"" [ref=13, loc=css:button[aria-label="Edit \"Room clean\""]]
              svg_root
            button "Date "Room clean"" [ref=14, loc=css:button[aria-label="Date \"Room clean\""]]
              svg_root
            button "Comment on "Room clean"" [ref=15, loc=css:button[aria-label="Comment on \"Room clean\""]]
              svg_root
            button "More actions for "Room clean"" [ref=16, loc=css:button[aria-label="More actions for \"Room clean\""]]
              svg_root
          list_item
            button "Reorder or reparent "hair wash" — arrow keys to move, Alt+arrow keys to indent or outdent" [ref=17]
              svg_root
            checkbox "hair wash" [ref=18, loc=css:input[aria-label="hair wash"]]
            container
              button [ref=19]
                text "hair wash"
              text "Use the new shampoo and condition well."
              container
                text "Tomorrow"
                container
                  text "P"
                  text "1"
            button "Edit "hair wash"" [ref=20, loc=css:button[aria-label="Edit \"hair wash\""]]
              svg_root
            button "Date "hair wash"" [ref=21, loc=css:button[aria-label="Date \"hair wash\""]]
              svg_root
            button "Comment on "hair wash"" [ref=22, loc=css:button[aria-label="Comment on \"hair wash\""]]
              svg_root
            button "More actions for "hair wash"" [ref=23, loc=css:button[aria-label="More actions for \"hair wash\""]]
              svg_root
          list_item
        container
          container [ref=24]
            text "Completed ("
            text "1"
            text ")"
          unordered_list
            list_item
              text "naukri photo update"
              button "Restore "naukri photo update"" [ref=25, loc=css:button[aria-label="Restore \"naukri photo update\""]]
                svg_root


