[
  {
    "height": 59,
    "title": "Room clean",
    "titleWhiteSpace": "normal",
    "titleOverflow": "clip",
    "titleLineClamp": "4",
    "titleClass": "line-clamp-4 block w-full text-left hover:underline text-[length:var(--td-row-font-size)] leading-[length:var(--td-row-line-height)]",
    "descText": null
  },
  {
    "height": 59,
    "title": "hair wash",
    "titleWhiteSpace": "normal",
    "titleOverflow": "clip",
    "titleLineClamp": "4",
    "titleClass": "line-clamp-4 block w-full text-left hover:underline text-[length:var(--td-row-font-size)] leading-[length:var(--td-row-line-height)]",
    "descText": "Use the new shampoo and condition well.",
    "descWhiteSpace": "nowrap",
    "descClass": "truncate text-muted-foreground text-xs"
  },
  {
    "height": 59,
    "title": "This is an extremely long task title that should w",
    "titleWhiteSpace": "normal",
    "titleOverflow": "clip",
    "titleLineClamp": "4",
    "titleClass": "line-clamp-4 block w-full text-left hover:underline text-[length:var(--td-row-font-size)] leading-[length:var(--td-row-line-height)]",
    "descText": null
  }
]

