locked after reload to inbox: false
[p1 "meologue" | space "measure meologue todo UI vs todoist"(32): 1 managed, 0 untracked — p1* "meologue"]
root
  container
    container "Todo"
      anchor [ref=1, url=http://127.0.0.1:5188/todo/inbox]
        svg_root
        text "Add task"
      anchor [ref=2, loc=href:/todo/search, url=http://127.0.0.1:5188/todo/search]
        svg_root
        text "Search"
      container
        anchor [ref=3, url=http://127.0.0.1:5188/todo/inbox]
          svg_root
          text "Inbox"
          text "4"
        anchor [ref=4, loc=href:/todo/today, url=http://127.0.0.1:5188/todo/today]
          svg_root
          text "Today"
          text "1"
        anchor [ref=5, loc=href:/todo/upcoming, url=http://127.0.0.1:5188/todo/upcoming]
          svg_root
          text "Upcoming"
          text "2"
        anchor [ref=6, loc=href:/todo/filters, url=http://127.0.0.1:5188/todo/filters]
          svg_root
          text "Filters & Labels"
      container
        heading
          text "Projects"
        paragraph
          text "No Projects yet — add one from the Projects list."
    container "Resize the conversation list" [ref=7]
    container
      container
        text "Todo"
        image "Sync is off"
      container
        container
          textfield "Add a Task" [ref=8]
            text "Add a Task"
          button [ref=9]
            text "Add"
        unordered_list
          list_item
            button "Reorder or reparent "Room clean" — arrow keys to move, Alt+arrow keys to indent or outdent" [ref=10]
              svg_root
            checkbox "Room clean" [ref=11, loc=css:input[aria-label="Room clean"]]
            container
              button [ref=12]
                text "Room clean"
              text "Today"
            button "Edit "Room clean"" [ref=13, loc=css:button[aria-label="Edit \"Room clean\""]]
              svg_root
            button "Date "Room clean"" [ref=14, loc=css:button[aria-label="Date \"Room clean\""]]
              svg_root
            button "Comment on "Room clean"" [ref=15, loc=css:button[aria-label="Comment on \"Room clean\""]]
              svg_root
            button "More actions for "Room clean"" [ref=16, loc=css:button[aria-label="More actions for \"Room clean\""]]
              svg_root
          list_item
            button "Reorder or reparent "hair wash" — arrow keys to move, Alt+arrow keys to indent or outdent" [ref=17]
              svg_root
            checkbox "hair wash" [ref=18, loc=css:input[aria-label="hair wash"]]
            container
              button [ref=19]
                text "hair wash"
              text "Use the new shampoo and condition well."
              container
                text "Tomorrow"
                container
                  text "P"
                  text "1"
            button "Edit "hair wash"" [ref=20, loc=css:button[aria-label="Edit \"hair wash\""]]
              svg_root
            button "Date "hair wash"" [ref=21, loc=css:button[aria-label="Date \"hair wash\""]]
              svg_root
            button "Comment on "hair wash"" [ref=22, loc=css:button[aria-label="Comment on \"hair wash\""]]
              svg_root
            button "More actions for "hair wash"" [ref=23, loc=css:button[aria-label="More actions for \"hair wash\""]]
              svg_root
          list_item
            button "Reorder or reparent "This is an extremely long task title that should wrap across multiple lines in the row when the column is not wide enough to fit it on one single line of text" — arrow keys to m..." [ref=24]
              svg_root
            checkbox "This is an extremely long task title that should wrap across multiple lines in the row when the column is not wide enough to fit it on one single line of text" [ref=25]
            button [ref=26]
              text "This is an extremely long task title that should wrap across multiple lines in the row when the column is not wide enough to fit it on one single line of text"
            button "Edit "This is an extremely long task title that should wrap across multiple lines in the row when the column is not wide enough to fit it on one single line of text"" [ref=27]
              svg_root
            button "Date "This is an extremely long task title that should wrap across multiple lines in the row when the column is not wide enough to fit it on one single line of text"" [ref=28]
              svg_root
            button "Comment on "This is an extremely long task title that should wrap across multiple lines in the row when the column is not wide enough to fit it on one single line of text"" [ref=29]
              svg_root
            button "More actions for "This is an extremely long task title that should wrap across multiple lines in the row when the column is not wide enough to fit it on one single line of text"" [ref=30]
              svg_root
          list_item
            button "Reorder or reparent "Alpha bravo charlie delta echo foxtrot golf hotel india juliet kilo lima mike november oscar papa quebec romeo sierra tango uniform victor whiskey xray yankee zulu alpha bravo cha..." [ref=31, loc=unstable]
              svg_root
            checkbox "Alpha bravo charlie delta echo foxtrot golf hotel india juliet kilo lima mike november oscar papa quebec romeo sierra tango uniform victor whiskey xray yankee zulu alpha bravo charlie delta echo foxtr..." [ref=32]
            button [ref=33]
              text "Alpha bravo charlie delta echo foxtrot golf hotel india juliet kilo lima mike november oscar papa quebec romeo sierra tango uniform victor whiskey xray yankee zulu alpha bravo charlie delta echo foxtr..."
            button "Edit "Alpha bravo charlie delta echo foxtrot golf hotel india juliet kilo lima mike november oscar papa quebec romeo sierra tango uniform victor whiskey xray yankee zulu alpha bravo charlie delta echo..." [ref=34, loc=unstable]
              svg_root
            button "Date "Alpha bravo charlie delta echo foxtrot golf hotel india juliet kilo lima mike november oscar papa quebec romeo sierra tango uniform victor whiskey xray yankee zulu alpha bravo charlie delta echo..." [ref=35, loc=unstable]
              svg_root
            button "Comment on "Alpha bravo charlie delta echo foxtrot golf hotel india juliet kilo lima mike november oscar papa quebec romeo sierra tango uniform victor whiskey xray yankee zulu alpha bravo charlie delt..." [ref=36, loc=unstable]
              svg_root
            button "More actions for "Alpha bravo charlie delta echo foxtrot golf hotel india juliet kilo lima mike november oscar papa quebec romeo sierra tango uniform victor whiskey xray yankee zulu alpha bravo charli..." [ref=37, loc=unstable]
              svg_root
          list_item
        container [ref=38]
          text "Completed ("
          text "1"
          text ")"


