locked: false
[p1 "meologue" | space "measure meologue todo UI vs todoist"(32): 1 managed, 0 untracked — p1* "meologue"]
root
  container
    container "Todo"
      anchor [ref=1, url=http://127.0.0.1:5188/todo/inbox]
        svg_root
        text "Add task"
      anchor [ref=2, loc=href:/todo/search, url=http://127.0.0.1:5188/todo/search]
        svg_root
        text "Search"
      container
        anchor [ref=3, url=http://127.0.0.1:5188/todo/inbox]
          svg_root
          text "Inbox"
          text "4"
        anchor [ref=4, loc=href:/todo/today, url=http://127.0.0.1:5188/todo/today]
          svg_root
          text "Today"
          text "1"
        anchor [ref=5, loc=href:/todo/upcoming, url=http://127.0.0.1:5188/todo/upcoming]
          svg_root
          text "Upcoming"
          text "2"
        anchor [ref=6, loc=href:/todo/filters, url=http://127.0.0.1:5188/todo/filters]
          svg_root
          text "Filters & Labels"
      container
        heading
          text "Projects"
        paragraph
          text "No Projects yet — add one from the Projects list."
    container "Resize the conversation list" [ref=7]
    container
      container
        text "Todo"
        image "Sync is off"
      container
        container
          textfield "Add a Task" [ref=8]
            text "Add a Task"
          button [ref=9]
            text "Add"
        container
          container
            heading
              text "Due today ("
              text "1"
              text ")"
            container
              text "Group by"
              combobox [ref=10]
                text "None"
          unordered_list
            list_item
              checkbox "Room clean" [ref=11, loc=css:input[aria-label="Room clean"]]
              container
                button [ref=12]
                  text "Room clean"
                text "Today"
              button "Edit "Room clean"" [ref=13, loc=css:button[aria-label="Edit \"Room clean\""]]
                svg_root
              button "Date "Room clean"" [ref=14, loc=css:button[aria-label="Date \"Room clean\""]]
                svg_root
              button "Comment on "Room clean"" [ref=15, loc=css:button[aria-label="Comment on \"Room clean\""]]
                svg_root
              button "More actions for "Room clean"" [ref=16, loc=css:button[aria-label="More actions for \"Room clean\""]]
                svg_root


