{
  "schedulerButtons": [
    {
      "label": "11 Today Fri",
      "testid": null
    },
    {
      "label": "Tomorrow Sat",
      "testid": null
    },
    {
      "label": "Next week Mon 14 Sep",
      "testid": null
    },
    {
      "label": "Next weekend Sat 19 Sep",
      "testid": null
    },
    {
      "label": "Navigate to previous month",
      "testid": null
    },
    {
      "label": "Navigate to current month",
      "testid": null
    },
    {
      "label": "Navigate to next month",
      "testid": null
    },
    {
      "label": "2026-09-11",
      "testid": null
    },
    {
      "label": "2026-09-12",
      "testid": null
    },
    {
      "label": "2026-09-13",
      "testid": null
    },
    {
      "label": "2026-09-14",
      "testid": null
    },
    {
      "label": "2026-09-15",
      "testid": null
    },
    {
      "label": "2026-09-16",
      "testid": null
    },
    {
      "label": "2026-09-17",
      "testid": null
    },
    {
      "label": "2026-09-18",
      "testid": null
    },
    {
      "label": "2026-09-19",
      "testid": null
    },
    {
      "label": "2026-09-20",
      "testid": null
    },
    {
      "label": "2026-09-21",
      "testid": null
    },
    {
      "label": "2026-09-22",
      "testid": null
    },
    {
      "label": "2026-09-23",
      "testid": null
    },
    {
      "label": "2026-09-24",
      "testid": null
    },
    {
      "label": "2026-09-25",
      "testid": null
    },
    {
      "label": "2026-09-26",
      "testid": null
    },
    {
      "label": "2026-09-27",
      "testid": null
    },
    {
      "label": "2026-09-28",
      "testid": null
    },
    {
      "label": "2026-09-29",
      "testid": null
    },
    {
      "label": "2026-09-30",
      "testid": null
    },
    {
      "label": "2026-10-01",
      "testid": null
    },
    {
      "label": "2026-10-02",
      "testid": null
    },
    {
      "label": "2026-10-03",
      "testid": null
    },
    {
      "label": "2026-10-04",
      "testid": null
    },
    {
      "label": "2026-10-05",
      "testid": null
    },
    {
      "label": "2026-10-06",
      "testid": null
    },
    {
      "label": "2026-10-07",
      "testid": null
    },
    {
      "label": "2026-10-08",
      "testid": null
    },
    {
      "label": "2026-10-09",
      "testid": null
    },
    {
      "label": "2026-10-10",
      "testid": null
    },
    {
      "label": "2026-10-11",
      "testid": null
    },
    {
      "label": "2026-10-12",
      "testid": null
    },
    {
      "label": "2026-10-13",
      "testid": null
    },
    {
      "label": "2026-10-14",
      "testid": null
    },
    {
      "label": "2026-10-15",
      "testid": null
    },
    {
      "label": "2026-10-16",
      "testid": null
    },
    {
      "label": "2026-10-17",
      "testid": null
    },
    {
      "label": "2026-10-18",
      "testid": null
    },
    {
      "label": "2026-10-19",
      "testid": null
    },
    {
      "label": "2026-10-20",
      "testid": null
    },
    {
      "label": "2026-10-21",
      "testid": null
    },
    {
      "label": "2026-10-22",
      "testid": null
    },
    {
      "label": "2026-10-23",
      "testid": null
    },
    {
      "label": "2026-10-24",
      "testid": null
    },
    {
      "label": "2026-10-25",
      "testid": null
    },
    {
      "label": "2026-10-26",
      "testid": null
    },
    {
      "label": "2026-10-27",
      "testid": null
    },
    {
      "label": "2026-10-28",
      "testid": null
    },
    {
      "label": "2026-10-29",
      "testid": null
    },
    {
      "label": "2026-10-30",
      "testid": null
    },
    {
      "label": "2026-10-31",
      "testid": null
    },
    {
      "label": "2026-11-01",
      "testid": null
    },
    {
      "label": "2026-11-02",
      "testid": null
    },
    {
      "label": "2026-11-03",
      "testid": null
    },
    {
      "label": "2026-11-04",
      "testid": null
    },
    {
      "label": "2026-11-05",
      "testid": null
    },
    {
      "label": "2026-11-06",
      "testid": null
    },
    {
      "label": "2026-11-07",
      "testid": null
    },
    {
      "label": "2026-11-08",
      "testid": null
    },
    {
      "label": "2026-11-09",
      "testid": null
    },
    {
      "label": "2026-11-10",
      "testid": null
    },
    {
      "label": "2026-11-11",
      "testid": null
    },
    {
      "label": "2026-11-12",
      "testid": null
    },
    {
      "label": "2026-11-13",
      "testid": null
    },
    {
      "label": "2026-11-14",
      "testid": null
    },
    {
      "label": "2026-11-15",
      "testid": null
    },
    {
      "label": "2026-11-16",
      "testid": null
    },
    {
      "label": "2026-11-17",
      "testid": null
    },
    {
      "label": "2026-11-18",
      "testid": null
    },
    {
      "label": "2026-11-19",
      "testid": null
    },
    {
      "label": "2026-11-20",
      "testid": null
    },
    {
      "label": "2026-11-21",
      "testid": null
    },
    {
      "label": "2026-11-22",
      "testid": null
    },
    {
      "label": "2026-11-23",
      "testid": null
    },
    {
      "label": "2026-11-24",
      "testid": null
    },
    {
      "label": "2026-11-25",
      "testid": null
    },
    {
      "label": "2026-11-26",
      "testid": null
    },
    {
      "label": "2026-11-27",
      "testid": null
    },
    {
      "label": "2026-11-28",
      "testid": null
    },
    {
      "label": "2026-11-29",
      "testid": null
    },
    {
      "label": "2026-11-30",
      "testid": null
    },
    {
      "label": "2026-12-01",
      "testid": null
    },
    {
      "label": "2026-12-02",
      "testid": null
    },
    {
      "label": "2026-12-03",
      "testid": null
    },
    {
      "label": "2026-12-04",
      "testid": null
    },
    {
      "label": "2026-12-05",
      "testid": null
    },
    {
      "label": "2026-12-06",
      "testid": null
    },
    {
      "label": "2026-12-07",
      "testid": null
    },
    {
      "label": "2026-12-08",
      "testid": null
    },
    {
      "label": "2026-12-09",
      "testid": null
    },
    {
      "label": "2026-12-10",
      "testid": null
    },
    {
      "label": "2026-12-11",
      "testid": null
    },
    {
      "label": "2026-12-12",
      "testid": null
    },
    {
      "label": "2026-12-13",
      "testid": null
    },
    {
      "label": "2026-12-14",
      "testid": null
    },
    {
      "label": "2026-12-15",
      "testid": null
    },
    {
      "label": "2026-12-16",
      "testid": null
    },
    {
      "label": "2026-12-17",
      "testid": null
    },
    {
      "label": "2026-12-18",
      "testid": null
    },
    {
      "label": "2026-12-19",
      "testid": null
    },
    {
      "label": "2026-12-20",
      "testid": null
    },
    {
      "label": "2026-12-21",
      "testid": null
    },
    {
      "label": "2026-12-22",
      "testid": null
    },
    {
      "label": "2026-12-23",
      "testid": null
    },
    {
      "label": "2026-12-24",
      "testid": null
    },
    {
      "label": "2026-12-25",
      "testid": null
    },
    {
      "label": "2026-12-26",
      "testid": null
    },
    {
      "label": "2026-12-27",
      "testid": null
    },
    {
      "label": "2026-12-28",
      "testid": null
    },
    {
      "label": "2026-12-29",
      "testid": null
    },
    {
      "label": "2026-12-30",
      "testid": null
    },
    {
      "label": "2026-12-31",
      "testid": null
    },
    {
      "label": "2027-01-01",
      "testid": null
    },
    {
      "label": "2027-01-02",
      "testid": null
    },
    {
      "label": "2027-01-03",
      "testid": null
    },
    {
      "label": "2027-01-04",
      "testid": null
    },
    {
      "label": "2027-01-05",
      "testid": null
    },
    {
      "label": "2027-01-06",
      "testid": null
    },
    {
      "label": "2027-01-07",
      "testid": null
    },
    {
      "label": "2027-01-08",
      "testid": null
    },
    {
      "label": "2027-01-09",
      "testid": null
    },
    {
      "label": "2027-01-10",
      "testid": null
    },
    {
      "label": "2027-01-11",
      "testid": null
    },
    {
      "label": "2027-01-12",
      "testid": null
    },
    {
      "label": "2027-01-13",
      "testid": null
    },
    {
      "label": "2027-01-14",
      "testid": null
    },
    {
      "label": "2027-01-15",
      "testid": null
    },
    {
      "label": "2027-01-16",
      "testid": null
    },
    {
      "label": "2027-01-17",
      "testid": null
    },
    {
      "label": "2027-01-18",
      "testid": null
    },
    {
      "label": "2027-01-19",
      "testid": null
    },
    {
      "label": "2027-01-20",
      "testid": null
    },
    {
      "label": "2027-01-21",
      "testid": null
    },
    {
      "label": "2027-01-22",
      "testid": null
    },
    {
      "label": "2027-01-23",
      "testid": null
    },
    {
      "label": "2027-01-24",
      "testid": null
    },
    {
      "label": "2027-01-25",
      "testid": null
    },
    {
      "label": "2027-01-26",
      "testid": null
    },
    {
      "label": "2027-01-27",
      "testid": null
    },
    {
      "label": "2027-01-28",
      "testid": null
    },
    {
      "label": "2027-01-29",
      "testid": null
    },
    {
      "label": "2027-01-30",
      "testid": null
    },
    {
      "label": "2027-01-31",
      "testid": null
    },
    {
      "label": "2027-02-01",
      "testid": null
    },
    {
      "label": "2027-02-02",
      "testid": null
    },
    {
      "label": "2027-02-03",
      "testid": null
    },
    {
      "label": "2027-02-04",
      "testid": null
    },
    {
      "label": "2027-02-05",
      "testid": null
    },
    {
      "label": "2027-02-06",
      "testid": null
    },
    {
      "label": "2027-02-07",
      "testid": null
    },
    {
      "label": "2027-02-08",
      "testid": null
    },
    {
      "label": "2027-02-09",
      "testid": null
    },
    {
      "label": "2027-02-10",
      "testid": null
    },
    {
      "label": "2027-02-11",
      "testid": null
    },
    {
      "label": "2027-02-12",
      "testid": null
    },
    {
      "label": "2027-02-13",
      "testid": null
    },
    {
      "label": "2027-02-14",
      "testid": null
    },
    {
      "label": "2027-02-15",
      "testid": null
    },
    {
      "label": "2027-02-16",
      "testid": null
    },
    {
      "label": "2027-02-17",
      "testid": null
    },
    {
      "label": "2027-02-18",
      "testid": null
    },
    {
      "label": "2027-02-19",
      "testid": null
    },
    {
      "label": "2027-02-20",
      "testid": null
    },
    {
      "label": "2027-02-21",
      "testid": null
    },
    {
      "label": "2027-02-22",
      "testid": null
    },
    {
      "label": "2027-02-23",
      "testid": null
    },
    {
      "label": "2027-02-24",
      "testid": null
    },
    {
      "label": "2027-02-25",
      "testid": null
    },
    {
      "label": "2027-02-26",
      "testid": null
    },
    {
      "label": "2027-02-27",
      "testid": null
    },
    {
      "label": "2027-02-28",
      "testid": null
    },
    {
      "label": "2027-03-01",
      "testid": null
    },
    {
      "label": "2027-03-02",
      "testid": null
    },
    {
      "label": "2027-03-03",
      "testid": null
    },
    {
      "label": "2027-03-04",
      "testid": null
    },
    {
      "label": "2027-03-05",
      "testid": null
    },
    {
      "label": "2027-03-06",
      "testid": null
    },
    {
      "label": "2027-03-07",
      "testid": null
    },
    {
      "label": "2027-03-08",
      "testid": null
    },
    {
      "label": "2027-03-09",
      "testid": null
    },
    {
      "label": "2027-03-10",
      "testid": null
    },
    {
      "label": "2027-03-11",
      "testid": null
    },
    {
      "label": "2027-03-12",
      "testid": null
    },
    {
      "label": "2027-03-13",
      "testid": null
    },
    {
      "label": "2027-03-14",
      "testid": null
    },
    {
      "label": "2027-03-15",
      "testid": null
    },
    {
      "label": "2027-03-16",
      "testid": null
    },
    {
      "label": "2027-03-17",
      "testid": null
    },
    {
      "label": "2027-03-18",
      "testid": null
    },
    {
      "label": "2027-03-19",
      "testid": null
    },
    {
      "label": "2027-03-20",
      "testid": null
    },
    {
      "label": "2027-03-21",
      "testid": null
    },
    {
      "label": "2027-03-22",
      "testid": null
    },
    {
      "label": "2027-03-23",
      "testid": null
    },
    {
      "label": "2027-03-24",
      "testid": null
    },
    {
      "label": "2027-03-25",
      "testid": null
    },
    {
      "label": "2027-03-26",
      "testid": null
    },
    {
      "label": "2027-03-27",
      "testid": null
    },
    {
      "label": "2027-03-28",
      "testid": null
    },
    {
      "label": "2027-03-29",
      "testid": null
    },
    {
      "label": "2027-03-30",
      "testid": null
    },
    {
      "label": "2027-03-31",
      "testid": null
    },
    {
      "label": "Time",
      "testid": null
    },
    {
      "label": "Repeat",
      "testid": "recurrence-menu-button"
    }
  ]
}

