{
  "state1": {
    "quickAddOpen": true,
    "dialogs": 1,
    "bodyHasDiscardPrompt": false
  },
  "state2": null,
  "afterReload": {
    "taskTitles": [
      "Search",
      "Inbox\n7",
      "11\nToday\n2",
      "Upcoming",
      "Filters & Labels",
      "Reporting",
      "Getting Started 👋\n14",
      "Task: \nRoom clean\nDate: \nToday\nTask: \nRoller thigh pain\nDate: \nToday\nTask: \nhair wash\nDate: \nTomorrow\nTask: \nnaukri photo update\nDate: \nTomorrow\nTask: \nBuy mobile holder and get the bike fixed\nDate: \nTomorrow\n1\nTask: \nCheck for ipad cover\nDate: \nTomorrow\n1\nTask: \nBuy bluetooth for vishal\n\nAmazon.in\n\nDate: \nTomorrow\nAdd task\nTask: \nadd split and splid both without fail EOD\nDate: \n1 Sep\nTask: \nNeed to improve reflect and todo completely. They are crap right now. Specially when typing long title or updating title\n\nPlus date keeper is crap\n\nDate: \n9 Sep\nTask: \nApply company\nDate: \nYesterday\nTask: \nQuick dsa\nDate: \nYesterday\nTask: \nMessage ashu to connect\nDate: \nYesterday\nTask: \nLld\nDate: \nYesterday\n+48 completed tasks\nAdd section",
      "Task: \nRoom clean\nDate: \nToday",
      "Task: \nRoller thigh pain\nDate: \nToday",
      "Task: \nhair wash\nDate: \nTomorrow",
      "Task: \nnaukri photo update\nDate: \nTomorrow",
      "Task: \nBuy mobile holder and get the bike fixed\nDate: \nTomorrow\n1",
      "Task: \nCheck for ipad cover\nDate: \nTomorrow\n1",
      "Task: \nBuy bluetooth for vishal\n\nAmazon.in\n\nDate: \nTomorrow",
      "Add task",
      "Task: \nadd split and splid both without fail EOD\nDate: \n1 Sep",
      "Task: \nNeed to improve reflect and todo completely. They are crap right now. Specially when typing long title or updating title\n\nPlus date keeper is crap\n\nDate: \n9 Sep",
      "Task: \nApply company\nDate: \nYesterday",
      "Task: \nQuick dsa\nDate: \nYesterday",
      "Task: \nMessage ashu to connect\nDate: \nYesterday",
      "Task: \nLld\nDate: \nYesterday",
      "+48 completed tasks"
    ],
    "hasToOrTod": true
  }
}

