{
  "preState": {
    "dialogPresent": true,
    "text": "tod"
  },
  "composer": {
    "found": true,
    "size": "580x97",
    "radius": "12px",
    "padding": "16px",
    "bg": "rgb(40, 40, 40)",
    "border": "1px solid rgb(61, 61, 61)",
    "shadow": "rgba(0, 0, 0, 0.2) 0px 4px 8px 0px",
    "footerButtons": [
      "More actions",
      "Remove date",
      "Cancel",
      "Add task"
    ]
  },
  "recognitionBefore": {
    "found": true,
    "text": "tod",
    "matchId": "11 Sep",
    "highlighted": "true",
    "display": "inline-block",
    "paddingLeft": "4px",
    "paddingRight": "4px",
    "bg": "rgb(111, 38, 37)",
    "color": "rgb(255, 255, 255)",
    "radius": "3px",
    "fontSize": "16px",
    "lineHeight": "23px",
    "width": "32.31px"
  },
  "afterBackspace1": {
    "text": "tod",
    "matchStillPresent": true,
    "matchHighlighted": null
  },
  "afterBackspace2": {
    "text": "to",
    "matchStillPresent": false
  },
  "scheduler": {
    "found": true,
    "testid": "scheduler-view",
    "role": null,
    "size": "250x525",
    "radius": "10px",
    "bg": "rgb(38, 38, 38)",
    "border": "1px solid rgb(61, 61, 61)",
    "shadow": "rgba(0, 0, 0, 0.19) 0px 10px 20px 0px, rgba(0, 0, 0, 0.23) 0px 6px 6px 0px",
    "zIndex": "1",
    "position": "relative",
    "rows": [
      "11 | Today | Fri",
      "Tomorrow | Sat",
      "Next week | Mon 14 Sep",
      "Next weekend | Sat 19 Sep",
      "11",
      "12",
      "13",
      "14",
      "15",
      "16",
      "17",
      "18",
      "19",
      "20",
      "21",
      "22",
      "23",
      "24",
      "25",
      "26",
      "27",
      "28",
      "29",
      "30",
      "1"
    ],
    "hasRepeatButton": true,
    "hasTimeButton": true,
    "fullText": "11 | Today | Fri | Tomorrow | Sat | Next week | Mon 14 Sep | Next weekend | Sat 19 Sep | Sep 2026 | M | T | W | T | F | S | S | 7 | 8 | 9 | 10 | 11 | 12 | 13 | 14 | 15 | 16 | 17 | 18 | 19 | 20 | 21 | 22 | 23 | 24 | 25 | 26 | 27 | 28 | 29 | 30 | Oct | 1 | 2 | 3 | 4 | 5 | 6 | 7 | 8 | 9 | 10 | 11 | 12 | 13 | 14 | 15 | 16 | 17 | 18 | 19 | 20 | 21 | 22 | 23 | 24 | 25 | 26 | 27 | 28 | 29 | 30 | 31 | Nov | 1 | 2 | 3 | 4 | 5 | 6 | 7 | 8 | 9 | 10 | 11 | 12 | 13 | 14 | 15 | 16 | 17 | 18 | 19 | 20 | 21 | 22 | 23 | 24 | 25 | 26 | 27 | 28 | 29 | 30 | Dec | 1 | 2 | 3 | 4 | 5 | 6 | 7 | 8 | 9 | 10 | 11 | 12 | 13 | 14 | 15 | 16 | 17 | 18 | 19 | 20 | 21 | 22 | 23 | 24 | 25 | 26 | 27 | 28 | 29 | 30 | 31 | Jan | 1 | 2 | 3 | 4 | 5 | 6 | 7 | 8 | 9 | 10 | 11 | 12 | 13 | 14 | 15 | 16 | 17 | 18 | 19 | 20 | 21 | 22 | 23 | 24 | 25 | 26 | 27 | 28 | 29 | 30 | 31 | Feb | 1 | 2 | 3 | 4 | 5 | 6 | 7 | 8 | 9 | 10 | 11 | "
  }
}

