[p1 "Inbox – Todoist" | space "todoist capture pass 2"(30): 1 managed, 0 untracked — p1* "Inbox – Todoist"]
root
  container
    button "Settings" [ref=1, loc=css:button[aria-label="Settings"]]
      image
      svg_root
      text "Hemang"
      svg_root
    anchor "Notifications" [ref=2, loc=css:a[aria-label="Notifications"], url=https://app.todoist.com/app/notifications]
      svg_root
    button "Open/close sidebar" [ref=3, loc=css:button[aria-label="Open/close sidebar"]]
      svg_root
    button [ref=4]
      svg_root
      text "Add task"
    button "Dictate tasks with Ramble" [ref=5, loc=css:button[aria-label="Dictate tasks with Ramble"]]
      svg_root
    navigation "Main Navigation: contains Projects, Labels, and Filters"
      unordered_list "Main filters"
        list_item "Search"
          button "Search" [ref=6, loc=css:button[aria-label="Search"]]
            svg_root
            text "Search"
        list_item "Inbox7"
          anchor "Inbox, 7 tasks" [ref=7, loc=css:a[aria-label="Inbox, 7 tasks"], url=https://app.todoist.com/app/inbox]
            svg_root
            text "Inbox"
          text "7"
        list_item "11Today2"
          anchor "Today, 2 tasks" [ref=8, loc=css:a[aria-label="Today, 2 tasks"], url=https://app.todoist.com/app/today]
            svg_root "11"
              text "11"
            text "Today"
          text "2"
        list_item "Upcoming"
          anchor "Upcoming" [ref=9, loc=css:a[aria-label="Upcoming"], url=https://app.todoist.com/app/upcoming]
            svg_root
            text "Upcoming"
        list_item "Filters & Labels"
          anchor "Filters & Labels" [ref=10, loc=css:a[aria-label="Filters & Labels"], url=https://app.todoist.com/app/filters-labels]
            svg_root
            text "Filters & Labels"
        list_item "Reporting"
          anchor "Reporting" [ref=11, loc=css:a[aria-label="Reporting"], url=https://app.todoist.com/app/activity]
            svg_root
            text "Reporting"
      container
        anchor [ref=12, loc=href:/app/projects, url=https://app.todoist.com/app/projects]
          text "My Projects"
        button "My projects menu" [ref=13, loc=css:button[aria-label="My projects menu"]]
          svg_root
        button "Toggle list of My Projects" [ref=14, loc=css:button[aria-label="Toggle list of My Projects"]]
          svg_root
      unordered_list "Projects"
        list_item "Getting Started 👋14"
          anchor "Getting Started 👋, 14 tasks" [ref=15, loc=css:a[aria-label="Getting Started 👋, 14 tasks"], url=https://app.todoist.com/app/project/getting-started-6h5pC9QRMFgm375m]
            svg_root
            text "Getting Started"
            text "👋"
          text "14"
          button "More actions" [ref=16]
            svg_root
    button [ref=17]
      svg_root
      text "Help & resources"
  container "Main Content"
    container
      button "View Options Menu" [ref=18, loc=css:button[aria-label="View Options Menu"]]
        svg_root
        text "Display: 2"
      anchor "Comments" [ref=19, loc=css:a[aria-label="Comments"], url=https://app.todoist.com/app/inbox/comments]
        svg_root
      button "Project options menu" [ref=20, loc=css:button[aria-label="Project options menu"]]
        svg_root
    heading
      text "Inbox"
    list_item
      container "(No Section)"
        unordered_list
          list_item
            svg_root
            checkbox "Mark task as complete" [ref=21]
              svg_root
            text "Room clean"
            button [ref=22]
              svg_root
              text "Today"
          list_item
            svg_root
            checkbox "Mark task as complete" [ref=23]
              svg_root
            text "Roller thigh pain"
            button [ref=24]
              svg_root
              text "Today"
          list_item
            svg_root
            checkbox "Mark task as complete" [ref=25]
              svg_root
            text "hair wash"
            button [ref=26]
              svg_root
              text "Tomorrow"
              svg_root
          list_item
            svg_root
            checkbox "Mark task as complete" [ref=27]
              svg_root
            text "naukri photo update"
            button [ref=28]
              svg_root
              text "Tomorrow"
          list_item
            svg_root
            checkbox "Mark task as complete" [ref=29]
              svg_root
            text "Buy mobile holder and get the bike fixed"
            button [ref=30]
              svg_root
              text "Tomorrow"
            anchor "1 comment" [ref=31, loc=href:/app/task/buy-mobile-holder-and-get-the-bike-fixed-6hMc452X7r23VX2G?intent=reply, url=https://app.todoist.com/app/task/buy-mobile-holder-and-get-the-bike-fixed-6hMc452X7r23VX2G?intent=reply]
              svg_root
              text "1"
          list_item
            svg_root
            checkbox "Mark task as complete" [ref=32]
              svg_root
            text "Check for ipad cover"
            button [ref=33]
              svg_root
              text "Tomorrow"
            anchor "1 comment" [ref=34, loc=href:/app/task/check-for-ipad-cover-6hMfJ27p678RC43G?intent=reply, url=https://app.todoist.com/app/task/check-for-ipad-cover-6hMfJ27p678RC43G?intent=reply]
              svg_root
              text "1"
          list_item
            svg_root
            checkbox "Mark task as complete" [ref=35]
              svg_root
            text "Buy bluetooth for vishal"
            paragraph
              anchor [ref=36, loc=href:https://www.amazon.in/dp/B0DHVH4S77?th=1, url=https://www.amazon.in/dp/B0DHVH4S77?th=1]
                text "Amazon.in"
            button [ref=37]
              svg_root
              text "Tomorrow"
          list_item
            button [ref=38]
              svg_root
              text "Add task"
        unordered_list
          list_item
            checkbox "Mark task as incomplete" [ref=39]
              svg_root
            text "add split and splid both without fail EOD"
            button [ref=40]
              svg_root
              text "1 Sep"
          list_item
            checkbox "Mark task as incomplete" [ref=41]
              svg_root
            text "Need to improve reflect and todo completely. They are crap right now. Specially when typing long title or updating title"
            paragraph
              text "Plus date keeper is crap"
              text "…"
            button [ref=42]
              svg_root
              text "9 Sep"
          list_item
            checkbox "Mark task as incomplete" [ref=43]
              svg_root
            text "Apply company"
            button [ref=44]
              svg_root
              text "Yesterday"
          list_item
            checkbox "Mark task as incomplete" [ref=45]
              svg_root
            text "Quick dsa"
            button [ref=46]
              svg_root
              text "Yesterday"
  dialog "Quick Add"
    textfield "Task name" [ref=47]
      paragraph
        text "totod"
    button "More actions" [ref=48]
      svg_root
    svg_root
    text "Inbox"
    svg_root
    text "Date"
    svg_root
    text "Priority"
    svg_root
    text "Labels"
    button "Cancel" [ref=49, loc=css:button[aria-label="Cancel"]]
      svg_root
    button "Add task" [ref=50, loc=css:button[aria-label="Add task"]]
      svg_root
      svg_root
    svg_root
    text "Attach to task"
    text "Keep the file with your task for later."
    svg_root
    text "Scan for tasks"
    text "We’ll scan the file and turn it into tasks."
  textbox "Type a date" [ref=51, loc=css:input[placeholder="Type a date"]]
    text "Type a date"
  container
    button [ref=52]
      svg_root "11"
        text "11"
      text "Today"
      text "Fri"
    button [ref=53]
      svg_root
      text "Tomorrow"
      text "Sat"
    button [ref=54]
      svg_root
      text "Next week"
      text "Mon 14 Sep"
    button [ref=55]
      svg_root
      text "Next weekend"
      text "Sat 19 Sep"
    text "Sep 2026"
    button "Navigate to previous month" [ref=56, loc=css:button[aria-label="Navigate to previous month"]]
      svg_root
    button "Navigate to current month" [ref=57, loc=css:button[aria-label="Navigate to current month"]]
    button "Navigate to next month" [ref=58, loc=css:button[aria-label="Navigate to next month"]]
      svg_root
    text "M"
    text "T"
    text "W"
    text "T"
    text "F"
    text "S"
    text "S"
    container
      text "7"
      text "8"
      text "9"
      text "10"
      button "2026-09-11" [ref=59, loc=css:button[aria-label="2026-09-11"]]
        text "11"
      button "2026-09-12" [ref=60, loc=css:button[aria-label="2026-09-12"]]
        text "12"
      button "2026-09-13" [ref=61, loc=css:button[aria-label="2026-09-13"]]
        text "13"
      button "2026-09-14" [ref=62, loc=css:button[aria-label="2026-09-14"]]
        text "14"
      button "2026-09-15" [ref=63, loc=css:button[aria-label="2026-09-15"]]
        text "15"
      button "2026-09-16" [ref=64, loc=css:button[aria-label="2026-09-16"]]
        text "16"
      button "2026-09-17" [ref=65, loc=css:button[aria-label="2026-09-17"]]
        text "17"
      button "2026-09-18" [ref=66, loc=css:button[aria-label="2026-09-18"]]
        text "18"
      button "2026-09-19" [ref=67, loc=css:button[aria-label="2026-09-19"]]
        text "19"
      button "2026-09-20" [ref=68, loc=css:button[aria-label="2026-09-20"]]
        text "20"
      button "2026-09-21" [ref=69, loc=css:button[aria-label="2026-09-21"]]
        text "21"
      button "2026-09-22" [ref=70, loc=css:button[aria-label="2026-09-22"]]
        text "22"
      button "2026-09-23" [ref=71, loc=css:button[aria-label="2026-09-23"]]
        text "23"
      button "2026-09-24" [ref=72, loc=css:button[aria-label="2026-09-24"]]
        text "24"
      button "2026-09-25" [ref=73, loc=css:button[aria-label="2026-09-25"]]
        text "25"
      button "2026-09-26" [ref=74, loc=css:button[aria-label="2026-09-26"]]
        text "26"
      button "2026-09-27" [ref=75, loc=css:button[aria-label="2026-09-27"]]
        text "27"
      button "2026-09-28" [ref=76, loc=css:button[aria-label="2026-09-28"]]
        text "28"
      button "2026-09-29" [ref=77, loc=css:button[aria-label="2026-09-29"]]
        text "29"
      button "2026-09-30" [ref=78, loc=css:button[aria-label="2026-09-30"]]
        text "30"
      text "Oct"
      button "2026-10-01" [ref=79, loc=css:button[aria-label="2026-10-01"]]
        text "1"
      button "2026-10-02" [ref=80, loc=css:button[aria-label="2026-10-02"]]
        text "2"
      button "2026-10-03" [ref=81, loc=css:button[aria-label="2026-10-03"]]
        text "3"
      button "2026-10-04" [ref=82, loc=css:button[aria-label="2026-10-04"]]
        text "4"
    button [ref=83]
      svg_root
      text "Time"
    button [ref=84]
      svg_root
      text "Repeat"
  menu "Repeat" [ref=85]
    menuitem [ref=86]
      text "Every day"
    menuitem [ref=87]
      text "Every week"
      text "on Friday"
    menuitem [ref=88]
      text "Every weekday"
      text "(Mon - Fri)"
    menuitem [ref=89]
      text "Every month"
      text "on the 11th"
    menuitem [ref=90]
      text "Every year"
      text "on September 11th"
    menuitem [ref=91]
      text "Custom…"


