[p1 "Theme – Settings – Todoist" | space "todoist capture pass 2"(30): 1 managed, 0 untracked — p1* "Theme – Settings – Todoist"]
root
  container
    container
      container
        button "Settings" [ref=1, loc=css:button[aria-label="Settings"]]
          image
          svg_root
          text "Hemang"
          svg_root
        container
          anchor "Notifications" [ref=2, loc=css:a[aria-label="Notifications"], url=https://app.todoist.com/app/notifications]
            svg_root
          button "Open/close sidebar" [ref=3, loc=css:button[aria-label="Open/close sidebar"]]
            svg_root
      container
        button [ref=4]
          svg_root
          text "Add task"
        button "Dictate tasks with Ramble" [ref=5, loc=css:button[aria-label="Dictate tasks with Ramble"]]
          svg_root
      navigation "Main Navigation: contains Projects, Labels, and Filters"
        unordered_list "Main filters"
          list_item "Search" [ref=6]
            button "Search" [ref=7, loc=css:button[aria-label="Search"]]
              svg_root
              text "Search"
          button [ref=8]
            list_item "Inbox7" [ref=9]
              anchor "Inbox, 7 tasks" [ref=10, loc=css:a[aria-label="Inbox, 7 tasks"], url=https://app.todoist.com/app/inbox]
                svg_root
                text "Inbox"
              text "7"
          list_item "11Today2" [ref=11]
            anchor "Today, 2 tasks" [ref=12, loc=css:a[aria-label="Today, 2 tasks"], url=https://app.todoist.com/app/today]
              svg_root "11"
                text "11"
              text "Today"
            text "2"
          list_item "Upcoming" [ref=13]
            anchor "Upcoming" [ref=14, loc=css:a[aria-label="Upcoming"], url=https://app.todoist.com/app/upcoming]
              svg_root
              text "Upcoming"
          list_item "Filters & Labels" [ref=15]
            anchor "Filters & Labels" [ref=16, loc=css:a[aria-label="Filters & Labels"], url=https://app.todoist.com/app/filters-labels]
              svg_root
              text "Filters & Labels"
          list_item "Reporting" [ref=17]
            anchor "Reporting" [ref=18, loc=css:a[aria-label="Reporting"], url=https://app.todoist.com/app/activity]
              svg_root
              text "Reporting"
        container
          container
            anchor [ref=19, loc=href:/app/projects, url=https://app.todoist.com/app/projects]
              text "My Projects"
            button "My projects menu" [ref=20, loc=css:button[aria-label="My projects menu"]]
              svg_root
            button "Toggle list of My Projects" [ref=21, loc=css:button[aria-label="Toggle list of My Projects"]]
              svg_root
          unordered_list "Projects"
            button [ref=22]
              list_item "Getting Started 👋14" [ref=23]
                anchor "Getting Started 👋, 14 tasks" [ref=24, loc=css:a[aria-label="Getting Started 👋, 14 tasks"], url=https://app.todoist.com/app/project/getting-started-6h5pC9QRMFgm375m]
                  svg_root
                  container
                    text "Getting Started"
                    text "👋"
                container
                  text "14"
                  button "More actions" [ref=25, loc=css:button[aria-label="More actions"]]
                    svg_root
      button [ref=26]
        svg_root
        text "Help & resources"
    container "Main Content" [ref=27]
      container
        container
          button [ref=28]
            svg_root
            text "Connect calendar"
          button "Dismiss" [ref=29, loc=css:button[aria-label="Dismiss"]]
            svg_root
        button "View Options Menu" [ref=30, loc=css:button[aria-label="View Options Menu"]]
          svg_root
          text "Display"
      container
        heading
          text "Today"
        container
          svg_root
          text "2 tasks"
      container "No Section"
        unordered_list
          container
            container [ref=31]
              list_item
                button "Task: Room clean" [ref=32]
                  container
                    svg_root
                    checkbox "Mark task as complete" [ref=33]
                      svg_root
                    container
                      text "Room clean"
                      anchor [ref=34, loc=href:/app/inbox#task-6hV5rM8Fw65WRWFp, url=https://app.todoist.com/app/inbox#task-6hV5rM8Fw65WRWFp]
                        text "Inbox"
                        svg_root
            container [ref=35]
              list_item
                button "Task: Roller thigh pain" [ref=36]
                  container
                    svg_root
                    checkbox "Mark task as complete" [ref=37]
                      svg_root
                    container
                      text "Roller thigh pain"
                      anchor [ref=38, loc=href:/app/inbox#task-6hV7GWGPGhCQWX7G, url=https://app.todoist.com/app/inbox#task-6hV7GWGPGhCQWX7G]
                        text "Inbox"
                        svg_root
          list_item
            button [ref=39]
              svg_root
              text "Add task"
  dialog "Settings" [ref=40, loc=role:dialog[name="Settings"]]
    container
      container
        heading
          text "Settings"
        container
          svg_root
          comboboxgrouping "Search" [ref=41, loc=css:input[placeholder="Search"]]
            text "Search"
      navigation "Settings" [ref=42, loc=role:navigation[name="Settings"]]
        group
          tab [ref=43, loc=href:/app/settings/account, url=https://app.todoist.com/app/settings/account]
            svg_root
            text "Account"
          tab [ref=44, loc=href:/app/settings/general, url=https://app.todoist.com/app/settings/general]
            svg_root
            text "General"
          tab [ref=45, loc=href:/app/settings/subscription, url=https://app.todoist.com/app/settings/subscription]
            svg_root
            text "Subscription"
          tab [ref=46, loc=href:/app/settings/theme, url=https://app.todoist.com/app/settings/theme]
            svg_root
            text "Theme"
          tab [ref=47, loc=href:/app/settings/sidebar, url=https://app.todoist.com/app/settings/sidebar]
            svg_root
            text "Sidebar"
          tab [ref=48, loc=href:/app/settings/quick-customization, url=https://app.todoist.com/app/settings/quick-customization]
            svg_root
            text "Quick Add"
          tab [ref=49, loc=href:/app/settings/productivity, url=https://app.todoist.com/app/settings/productivity]
            svg_root
            text "Productivity"
          tab [ref=50, loc=href:/app/settings/reminders, url=https://app.todoist.com/app/settings/reminders]
            svg_root
            text "Reminders"
          tab [ref=51, loc=href:/app/settings/notifications, url=https://app.todoist.com/app/settings/notifications]
            svg_root
            text "Notifications"
          tab [ref=52, loc=href:/app/settings/backups, url=https://app.todoist.com/app/settings/backups]
            svg_root
            text "Backups"
          tab [ref=53, loc=href:/app/settings/integrations, url=https://app.todoist.com/app/settings/integrations]
            svg_root
            text "Integrations"
          tab [ref=54, loc=href:/app/settings/calendars, url=https://app.todoist.com/app/settings/calendars]
            svg_root
            text "Calendars"
      button [ref=55]
        svg_root
        text "Add team"
    tabpanel "Theme" [ref=56, loc=role:tabpanel[name="Theme"]]
      form
        container
          heading
            text "Theme"
          button "Close settings" [ref=57, loc=css:button[aria-label="Close settings"]]
            svg_root
        container [ref=58]
          container
            container
              text "Personalize your Todoist with colors to match your style, mood, and personality."
              anchor [ref=59, loc=href:https://todoist.com/help/articles/205169851, url=https://todoist.com/help/articles/205169851]
                text "Learn more"
            text "Sync theme"
            container
              text "Auto Dark Mode"
              paragraph
                text "Automatically switch between light and dark themes when your system does."
          radiogroup "Your themes"
            container
              heading
                text "Your themes"
              container
                radiobutton "Todoist" [ref=60, loc=css:button[aria-label="Todoist"]]
                  container
                    text "Todoist"
                    svg_root
                radiobutton "Dark" [ref=61, loc=css:button[aria-label="Dark"]]
                  container
                    text "Dark"
                    svg_root
                radiobutton "Moonstone" [ref=62, loc=css:button[aria-label="Moonstone"]]
                  container
                    text "Moonstone"
                    svg_root
                radiobutton "Tangerine" [ref=63, loc=css:button[aria-label="Tangerine"]]
                  container
                    text "Tangerine"
                    svg_root
            container
              heading
                text "Pro themes"
              container
                status "Unlock more themes" [ref=64, loc=role:status[name="Unlock more themes"]]
                  container
                    svg_root
                    container
                      text "Unlock more themes"
                      text "Upgrade to personalize your Todoist with more colors and themes."
                  button [ref=65]
                    text "Upgrade"
                container
                  radiobutton "Kale" [ref=66, loc=css:button[aria-label="Kale"]]
                    container
                      text "Kale"
                      svg_root
                  radiobutton "Blueberry" [ref=67, loc=css:button[aria-label="Blueberry"]]
                    container
                      text "Blueberry"
                      svg_root
                  radiobutton "Lavender" [ref=68, loc=css:button[aria-label="Lavender"]]
                    container
                      text "Lavender"
                      svg_root
                  radiobutton "Raspberry" [ref=69, loc=css:button[aria-label="Raspberry"]]
                    container
                      text "Raspberry"
                      svg_root
        container
          button [ref=70]
            text "Cancel"
          button [ref=71]
            text "Update"


