setAutoDarkModeOverride(false) OK | emulate prefers-color-scheme:light OK
setAutoDarkModeOverride(false) OK | emulate prefers-color-scheme:light OK

=== TODOIST THEME, auto-dark disabled ===
{
 "tag": "Todoist-with-forcedark-off",
 "htmlClass": "theme_todoist todoist_loaded",
 "prefersLight": true,
 "bodyBg": "rgb(40, 28, 17)",
 "bodyColor": "rgb(212, 208, 202)",
 "rowBg": "rgb(24, 26, 27)",
 "rowBorder": "1px solid rgb(53, 57, 59)",
 "titleColor": "rgb(212, 208, 202)",
 "completedTitle": "rgb(152, 143, 129)",
 "completedDecoration": "line-through",
 "dateToday": {
  "text": "Today",
  "color": "rgb(113, 250, 149)"
 },
 "dateTomorrow": {
  "text": "Tomorrow",
  "color": "rgb(255, 180, 83)"
 },
 "dateCompleted": {
  "text": "1 Sep",
  "color": "rgb(168, 160, 149)"
 },
 "ringP1": {
  "w": "2px",
  "c": "rgb(141, 40, 33)"
 },
 "ringP4": {
  "w": "1px",
  "c": "rgb(77, 83, 86)"
 }
}
*** still dark ***

=== RESTORE CHECK ===
{
 "htmlClass": "theme_dark todoist_loaded",
 "bodyBg": "rgb(38, 38, 38)",
 "dateToday": {
  "text": "Today",
  "color": "rgb(37, 184, 76)"
 }
}
RESTORE OK

