wrote td-rows-dark.json
theme: theme_dark todoist_loaded bodyBg: rgb(38, 38, 38) contentBg: rgb(31, 31, 31)
rowCount: 13
NAV: [
 {
  "label": "Settings",
  "href": null,
  "text": "Hemang"
 },
 {
  "label": "Notifications",
  "href": "/app/notifications",
  "text": ""
 },
 {
  "label": "Open/close sidebar",
  "href": null,
  "text": ""
 },
 {
  "label": "Dictate tasks with Ramble",
  "href": null,
  "text": ""
 },
 {
  "label": "Search",
  "href": null,
  "text": "Search"
 },
 {
  "label": "Inbox, 7 tasks",
  "href": "/app/inbox",
  "text": "Inbox"
 },
 {
  "label": "Today, 2 tasks",
  "href": "/app/today",
  "text": "11 | Today"
 },
 {
  "label": "Upcoming",
  "href": "/app/upcoming",
  "text": "Upcoming"
 },
 {
  "label": "Filters & Labels",
  "href": "/app/filters-labels",
  "text": "Filters & Labels"
 },
 {
  "label": "Reporting",
  "href": "/app/activity",
  "text": "Reporting"
 },
 {
  "label": "My projects menu",
  "href": null,
  "text": ""
 },
 {
  "label": "Toggle list of My Projects",
  "href": null,
  "text": ""
 },
 {
  "label": "Getting Started 👋, 14 tasks",
  "href": "/app/project/getting-started-6h5pC9QRMFgm375m",
  "text": "Getting Started 👋"
 },
 {
  "label": "More actions",
  "href": null,
  "text": ""
 }
]
ROWS: [
 {
  "id": "6hV5rM8Fw65WRWFp",
  "fullText": "Task:  | Room clean | Date:  | Today",
  "title": "Room clean",
  "titleFontSize": "14px",
  "titleLineHeight": "21px",
  "titleColor": "rgb(255, 255, 255)",
  "rowHeight": 59,
  "dateText": "Today",
  "dateColor": "rgb(37, 184, 76)",
  "checkboxClass": "task_checkbox TIlLpN_ priority_1 TfbFB45 GksLTy7 kS5a6Hg",
  "checkboxBorderColor": "rgb(255, 255, 255)",
  "checkboxBg": "rgba(0, 0, 0, 0)",
  "checkboxSize": "24x24"
 },
 {
  "id": "6hV7GWGPGhCQWX7G",
  "fullText": "Task:  | Roller thigh pain | Date:  | Today",
  "title": "Roller thigh pain",
  "titleFontSize": "14px",
  "titleLineHeight": "21px",
  "titleColor": "rgb(255, 255, 255)",
  "rowHeight": 59,
  "dateText": "Today",
  "dateColor": "rgb(37, 184, 76)",
  "checkboxClass": "task_checkbox TIlLpN_ priority_1 TfbFB45 GksLTy7 kS5a6Hg",
  "checkboxBorderColor": "rgb(255, 255, 255)",
  "checkboxBg": "rgba(0, 0, 0, 0)",
  "checkboxSize": "24x24"
 },
 {
  "id": "6h666qC9ghpFvf8p",
  "fullText": "Task:  | hair wash | Date:  | Tomorrow",
  "title": "hair wash",
  "titleFontSize": "14px",
  "titleLineHeight": "21px",
  "titleColor": "rgb(255, 255, 255)",
  "rowHeight": 59,
  "dateText": "Tomorrow",
  "dateColor": "rgb(255, 154, 20)",
  "checkboxClass": "task_checkbox TIlLpN_ priority_4 EpI3kxV GksLTy7 kS5a6Hg",
  "checkboxBorderColor": "rgb(255, 255, 255)",
  "checkboxBg": "rgba(0, 0, 0, 0)",
  "checkboxSize": "24x24"
 },
 {
  "id": "6hCPCRhH2cMWx4pp",
  "fullText": "Task:  | naukri photo update | Date:  | Tomorrow",
  "title": "naukri photo update",
  "titleFontSize": "14px",
  "titleLineHeight": "21px",
  "titleColor": "rgb(255, 255, 255)",
  "rowHeight": 59,
  "dateText": "Tomorrow",
  "dateColor": "rgb(255, 154, 20)",
  "checkboxClass": "task_checkbox TIlLpN_ priority_1 TfbFB45 GksLTy7 kS5a6Hg",
  "checkboxBorderColor": "rgb(255, 255, 255)",
  "checkboxBg": "rgba(0, 0, 0, 0)",
  "checkboxSize": "24x24"
 },
 {
  "id": "6hMc452X7r23VX2G",
  "fullText": "Task:  | Buy mobile holder and get the bike fixed | Date:  | Tomorrow | 1",
  "title": "Buy mobile holder and get the bike fixed",
  "titleFontSize": "14px",
  "titleLineHeight": "21px",
  "titleColor": "rgb(255, 255, 255)",
  "rowHeight": 59,
  "dateText": "Tomorrow",
  "dateColor": "rgb(255, 154, 20)",
  "checkboxClass": "task_checkbox TIlLpN_ priority_1 TfbFB45 GksLTy7 kS5a6Hg",
  "checkboxBorderColor": "rgb(255, 255, 255)",
  "checkboxBg": "rgba(0, 0, 0, 0)",
  "checkboxSize": "24x24"
 },
 {
  "id": "6hMfJ27p678RC43G",
  "fullText": "Task:  | Check for ipad cover | Date:  | Tomorrow | 1",
  "title": "Check for ipad cover",
  "titleFontSize": "14px",
  "titleLineHeight": "21px",
  "titleColor": "rgb(255, 255, 255)",
  "rowHeight": 59,
  "dateText": "Tomorrow",
  "dateColor": "rgb(255, 154, 20)",
  "checkboxClass": "task_checkbox TIlLpN_ priority_1 TfbFB45 GksLTy7 kS5a6Hg",
  "checkboxBorderColor": "rgb(255, 255, 255)",
  "checkboxBg": "rgba(0, 0, 0, 0)",
  "checkboxSize": "24x24"
 },
 {
  "id": "6hMhq2vmWxwJ7Qgp",
  "fullText": "Task:  | Buy bluetooth for vishal | Amazon.in | Date:  | Tomorrow",
  "title": "Buy bluetooth for vishal",
  "titleFontSize": "14px",
  "titleLineHeight": "21px",
  "titleColor": "rgb(255, 255, 255)",
  "rowHeight": 79,
  "dateText": "Tomorrow",
  "dateColor": "rgb(255, 154, 20)",
  "checkboxClass": "task_checkbox TIlLpN_ priority_1 TfbFB45 GksLTy7 kS5a6Hg",
  "checkboxBorderColor": "rgb(255, 255, 255)",
  "checkboxBg": "rgba(0, 0, 0, 0)",
  "checkboxSize": "24x24"
 },
 {
  "id": "6hQ6cCF8vh259c2G",
  "fullText": "Task:  | add split and splid both without fail EOD | Date:  | 1 Sep",
  "title": "add split and splid both without fail EOD",
  "titleFontSize": "14px",
  "titleLineHeight": "21px",
  "titleColor": "rgb(128, 128, 128)",
  "rowHeight": 59,
  "dateText": "1 Sep",
  "dateColor": "rgb(204, 204, 204)",
  "checkboxClass": "task_checkbox TIlLpN_ priority_1 TfbFB45 WQG5CfN GksLTy7",
  "checkboxBorderColor": "rgb(255, 255, 255)",
  "checkboxBg": "rgba(0
wrote td-inbox-dark.png

