
##### "Room clean"  checked=false
  classes: task_checkbox TIlLpN_ priority_1 TfbFB45 GksLTy7 kS5a6Hg
  -- DATE control tree --
         <button> "Date: Today" color=rgb(168, 160, 149) fill=rgb(0, 0, 0) size=47x16 fs=12px
    LEAF <div> "Date:" color=rgb(168, 160, 149) fill=rgb(0, 0, 0) size=1x1 fs=12px
         <span> "Today" color=rgb(113, 250, 149) fill=rgb(0, 0, 0) size=47x20 fs=12px
         <svg> "" color=rgb(113, 250, 149) fill=none size=12x12 fs=12px
    LEAF <path> "" color=rgb(113, 250, 149) fill=rgb(113, 250, 149) size=10x10 fs=12px
    LEAF <span> "Today" color=rgb(113, 250, 149) fill=rgb(0, 0, 0) size=33x18 fs=12px
  -- CHECKBOX tree --
         <button> size=24x24 bw=0px bc=rgb(212, 208, 202) bg=rgba(0, 0, 0, 0) fill=rgb(0, 0, 0)
    LEAF <span> size=18x18 bw=1px bc=rgba(0, 0, 0, 0) bg=rgba(0, 0, 0, 0) fill=rgb(0, 0, 0)
         <svg> size=24x24 bw=0px bc=rgb(168, 160, 149) bg=rgba(0, 0, 0, 0) fill=none
    LEAF <path> size=9x7 bw=0px bc=rgb(168, 160, 149) bg=rgba(0, 0, 0, 0) fill=rgb(168, 160, 149)
    LEAF <span> size=18x18 bw=1px bc=rgb(77, 83, 86) bg=rgba(0, 0, 0, 0) fill=rgb(0, 0, 0)

##### "Roller thigh pain"  checked=false
  classes: task_checkbox TIlLpN_ priority_1 TfbFB45 GksLTy7 kS5a6Hg
  -- DATE control tree --
         <button> "Date: Today" color=rgb(168, 160, 149) fill=rgb(0, 0, 0) size=47x16 fs=12px
    LEAF <div> "Date:" color=rgb(168, 160, 149) fill=rgb(0, 0, 0) size=1x1 fs=12px
         <span> "Today" color=rgb(113, 250, 149) fill=rgb(0, 0, 0) size=47x20 fs=12px
         <svg> "" color=rgb(113, 250, 149) fill=none size=12x12 fs=12px
    LEAF <path> "" color=rgb(113, 250, 149) fill=rgb(113, 250, 149) size=10x10 fs=12px
    LEAF <span> "Today" color=rgb(113, 250, 149) fill=rgb(0, 0, 0) size=33x18 fs=12px
  -- CHECKBOX tree --
         <button> size=24x24 bw=0px bc=rgb(212, 208, 202) bg=rgba(0, 0, 0, 0) fill=rgb(0, 0, 0)
    LEAF <span> size=18x18 bw=1px bc=rgba(0, 0, 0, 0) bg=rgba(0, 0, 0, 0) fill=rgb(0, 0, 0)
         <svg> size=24x24 bw=0px bc=rgb(168, 160, 149) bg=rgba(0, 0, 0, 0) fill=none
    LEAF <path> size=9x7 bw=0px bc=rgb(168, 160, 149) bg=rgba(0, 0, 0, 0) fill=rgb(168, 160, 149)
    LEAF <span> size=18x18 bw=1px bc=rgb(77, 83, 86) bg=rgba(0, 0, 0, 0) fill=rgb(0, 0, 0)

##### "hair wash"  checked=false
  classes: task_checkbox TIlLpN_ priority_4 EpI3kxV GksLTy7 kS5a6Hg
  -- DATE control tree --
         <button> "Date: Tomorrow" color=rgb(168, 160, 149) fill=rgb(0, 0, 0) size=83x16 fs=12px
    LEAF <div> "Date:" color=rgb(168, 160, 149) fill=rgb(0, 0, 0) size=1x1 fs=12px
         <span> "Tomorrow" color=rgb(255, 180, 83) fill=rgb(0, 0, 0) size=83x20 fs=12px
         <svg> "" color=rgb(255, 180, 83) fill=none size=12x12 fs=12px
    LEAF <path> "" color=rgb(255, 180, 83) fill=rgb(255, 180, 83) size=10x10 fs=12px
    LEAF <span> "Tomorrow" color=rgb(255, 180, 83) fill=rgb(0, 0, 0) size=55x18 fs=12px
         <svg> "" color=rgb(255, 180, 83) fill=none size=12x12 fs=12px
    LEAF <path> "" color=rgb(255, 180, 83) fill=rgb(255, 180, 83) size=11x8 fs=12px
  -- CHECKBOX tree --
         <button> size=24x24 bw=0px bc=rgb(212, 208, 202) bg=rgba(0, 0, 0, 0) fill=rgb(0, 0, 0)
    LEAF <span> size=18x18 bw=2px bc=rgba(0, 0, 0, 0) bg=rgb(159, 45, 37) fill=rgb(0, 0, 0)
         <svg> size=24x24 bw=0px bc=rgb(213, 86, 76) bg=rgba(0, 0, 0, 0) fill=none
    LEAF <path> size=9x7 bw=0px bc=rgb(213, 86, 76) bg=rgba(0, 0, 0, 0) fill=rgb(213, 86, 76)
    LEAF <span> size=18x18 bw=2px bc=rgb(141, 40, 33) bg=rgba(0, 0, 0, 0) fill=rgb(0, 0, 0)

##### "naukri photo update"  checked=false
  classes: task_checkbox TIlLpN_ priority_1 TfbFB45 GksLTy7 kS5a6Hg
  -- DATE control tree --
         <button> "Date: Tomorrow" color=rgb(168, 160, 149) fill=rgb(0, 0, 0) size=69x16 fs=12px
    LEAF <div> "Date:" color=rgb(168, 160, 149) fill=rgb(0, 0, 0) size=1x1 fs=12px
         <span> "Tomorrow" color=rgb(255, 180, 83) fill=rgb(0, 0, 0) size=69x20 fs=12px
         <svg> "" color=rgb(255, 180, 83) fill=none size=12x12 fs=12px
    LEAF <path> "" color=rgb(255, 180, 83) fill=rgb(255, 180, 83) size=10x10 fs=12px
    LEAF <span> "Tomorrow" color=rgb(255, 180, 83) fill=rgb(0, 0, 0) size=55x18 fs=12px
  -- CHECKBOX tree --
         <button> size=24x24 bw=0px bc=rgb(212, 208, 202) bg=rgba(0, 0, 0, 0) fill=rgb(0, 0, 0)
    LEAF <span> size=18x18 bw=1px bc=rgba(0, 0, 0, 0) bg=rgba(0, 0, 0, 0) fill=rgb(0, 0, 0)
         <svg> size=24x24 bw=0px bc=rgb(168, 160, 149) bg=rgba(0, 0, 0, 0) fill=none
    LEAF <path> size=9x7 bw=0px bc=rgb(168, 160, 149) bg=rgba(0, 0, 0, 0) fill=rgb(168, 160, 149)
    LEAF <span> size=18x18 bw=1px bc=rgb(77, 83, 86) bg=rgba(0, 0, 0, 0) fill=rgb(0, 0, 0)

##### "Buy mobile holder and get the bike fixed"  checked=false
  classes: task_checkbox TIlLpN_ priority_1 TfbFB45 GksLTy7 kS5a6Hg
  -- DATE control tree --
         <button> "Date: Tomorrow" color=rgb(168, 160, 149) fill=rgb(0, 0, 0) size=69x16 fs=12px
    LEAF <div> "Date:" color=rgb(168, 160, 149) fill=rgb(0, 0, 0) size=1x1 fs=12px
         <span> "Tomorrow" color=rgb(255, 180, 83) fill=rgb(0, 0, 0) size=69x20 fs=12px
         <svg> "" color=rgb(255, 180, 83) fill=none size=12x12 fs=12px
    LEAF <path> "" color=rgb(255, 180, 83) fill=rgb(255, 180, 83) size=10x10 fs=12px
    LEAF <span> "Tomorrow" color=rgb(255, 180, 83) fill=rgb(0, 0, 0) size=55x18 fs=12px
  -- CHECKBOX tree --
         <button> size=24x24 bw=0px bc=rgb(212, 208, 202) bg=rgba(0, 0, 0, 0) fill=rgb(0, 0, 0)
    LEAF <span> size=18x18 bw=1px bc=rgba(0, 0, 0, 0) bg=rgba(0, 0, 0, 0) fill=rgb(0, 0, 0)
         <svg> size=24x24 bw=0px bc=rgb(168, 160, 149) bg=rgba(0, 0, 0, 0) fill=none
    LEAF <path> size=9x7 bw=0px bc=rgb(168, 160, 149) bg=rgba(0, 0, 0, 0) fill=rgb(168, 160, 149)
    LEAF <span> size=18x18 bw=1px bc=rgb(77, 83, 86) bg=rgba(0, 0, 0, 0) fill=rgb(0, 0, 0)

##### "Check for ipad cover"  checked=false
  classes: task_checkbox TIlLpN_ priority_1 TfbFB45 GksLTy7 kS5a6Hg
  -- DATE control tree --
         <button> "Date: Tomorrow" color=rgb(168, 160, 149) fill=rgb(0, 0, 0) size=69x16 fs=12px
    LEAF <div> "Date:" color=rgb(168, 160, 149) fill=rgb(0, 0, 0) size=1x1 fs=12px
         <span> "Tomorrow" color=rgb(255, 180, 83) fill=rgb(0, 0, 0) size=69x20 fs=12px
         <svg> "" color=rgb(255, 180, 83) fill=none size=12x12 fs=12px
    LEAF <path> "" color=rgb(255, 180, 83) fill=rgb(255, 180, 83) size=10x10 fs=12px
    LEAF <span> "Tomorrow" color=rgb(255, 180, 83) fill=rgb(0, 0, 0) size=55x18 fs=12px
  -- CHECKBOX tree --
         <button> size=24x24 bw=0px bc=rgb(212, 208, 202) bg=rgba(0, 0, 0, 0) fill=rgb(0, 0, 0)
    LEAF <span> size=18x18 bw=1px bc=rgba(0, 0, 0, 0) bg=rgba(0, 0, 0, 0) fill=rgb(0, 0, 0)
         <svg> size=24x24 bw=0px bc=rgb(168, 160, 149) bg=rgba(0, 0, 0, 0) fill=none
    LEAF <path> size=9x7 bw=0px bc=rgb(168, 160, 149) bg=rgba(0, 0, 0, 0) fill=rgb(168, 160, 149)
    LEAF <span> size=18x18 bw=1px bc=rgb(77, 83, 86) bg=rgba(0, 0, 0, 0) fill=rgb(0, 0, 0)

##### "Buy bluetooth for vishal"  checked=false
  classes: task_checkbox TIlLpN_ priority_1 TfbFB45 GksLTy7 kS5a6Hg
  -- DATE control tree --
         <button> "Date: Tomorrow" color=rgb(168, 160, 149) fill=rgb(0, 0, 0) size=69x16 fs=12px
    LEAF <div> "Date:" color=rgb(168, 160, 149) fill=rgb(0, 0, 0) size=1x1 fs=12px
         <span> "Tomorrow" color=rgb(255, 180, 83) fill=rgb(0, 0, 0) size=69x20 fs=12px
         <svg> "" color=rgb(255, 180, 83) fill=none size=12x12 fs=12px
    LEAF <path> "" color=rgb(255, 180, 83) fill=rgb(255, 180, 83) size=10x10 fs=12px
    LEAF <span> "Tomorrow" color=rgb(255, 180, 83) fill=rgb(0, 0, 0) size=55x18 fs=12px
  -- CHECKBOX tree --
         <button> size=24x24 bw=0px bc=rgb(212, 208, 202) bg=rgba(0, 0, 0, 0) fill=rgb(0, 0, 0)
    LEAF <span> size=18x18 bw=1px bc=rgba(0, 0, 0, 0) bg=rgba(0, 0, 0, 0) fill=rgb(0, 0, 0)
         <svg> size=24x24 bw=0px bc=rgb(168, 160, 149) bg=rgba(0, 0, 0, 0) fill=none
    LEAF <path> size=9x7 bw=0px bc=rgb(168, 160, 149) bg=rgba(0, 0, 0, 0) fill=rgb(168, 160, 149)
    LEAF <span> size=18x18 bw=1px bc=rgb(77, 83, 86) bg=rgba(0, 0, 0, 0) fill=rgb(0, 0, 0)

##### "add split and splid both without fail EOD"  checked=true
  classes: task_checkbox TIlLpN_ priority_1 TfbFB45 WQG5CfN GksLTy7
  -- DATE control tree --
         <button> "Date: 1 Sep" color=rgb(168, 160, 149) fill=rgb(0, 0, 0) size=44x16 fs=12px
    LEAF <div> "Date:" color=rgb(168, 160, 149) fill=rgb(0, 0, 0) size=1x1 fs=12px
         <span> "1 Sep" color=rgb(168, 160, 149) fill=rgb(0, 0, 0) size=44x20 fs=12px
         <svg> "" color=rgb(168, 160, 149) fill=none size=12x12 fs=12px
    LEAF <path> "" color=rgb(168, 160, 149) fill=rgb(168, 160, 149) size=10x10 fs=12px
    LEAF <span> "1 Sep" color=rgb(168, 160, 149) fill=rgb(0, 0, 0) size=30x18 fs=12px
  -- CHECKBOX tree --
         <button> size=24x24 bw=0px bc=rgb(212, 208, 202) bg=rgba(0, 0, 0, 0) fill=rgb(0, 0, 0)
    LEAF <span> size=18x18 bw=1px bc=rgba(0, 0, 0, 0) bg=rgb(47, 51, 53) fill=rgb(0, 0, 0)
         <svg> size=24x24 bw=0px bc=rgb(238, 226, 214) bg=rgba(0, 0, 0, 0) fill=none
    LEAF <path> size=9x7 bw=0px bc=rgb(238, 226, 214) bg=rgba(0, 0, 0, 0) fill=rgb(238, 226, 214)
    LEAF <span> size=18x18 bw=1px bc=rgb(60, 65, 67) bg=rgba(0, 0, 0, 0) fill=rgb(0, 0, 0)

##### "Need to improve reflect and todo completely. "  checked=true
  classes: task_checkbox TIlLpN_ priority_1 TfbFB45 WQG5CfN GksLTy7
  -- DATE control tree --
         <button> "Date: 9 Sep" color=rgb(168, 160, 149) fill=rgb(0, 0, 0) size=46x16 fs=12px
    LEAF <div> "Date:" color=rgb(168, 160, 149) fill=rgb(0, 0, 0) size=1x1 fs=12px
         <span> "9 Sep" color=rgb(168, 160, 149) fill=rgb(0, 0, 0) size=46x20 fs=12px
         <svg> "" color=rgb(168, 160, 149) fill=none size=12x12 fs=12px
    LEAF <path> "" color=rgb(168, 160, 149) fill=rgb(168, 160, 149) size=10x10 fs=12px
    LEAF <span> "9 Sep" color=rgb(168, 160, 149) fill=rgb(0, 0, 0) size=32x18 fs=12px
  -- CHECKBOX tree --
         <button> size=24x24 bw=0px bc=rgb(212, 208, 202) bg=rgba(0, 0, 0, 0) fill=rgb(0, 0, 0)
    LEAF <span> size=18x18 bw=1px bc=rgba(0, 0, 0, 0) bg=rgb(47, 51, 53) fill=rgb(0, 0, 0)
         <svg> size=24x24 bw=0px bc=rgb(238, 226, 214) bg=rgba(0, 0, 0, 0) fill=none
    LEAF <path> size=9x7 bw=0px bc=rgb(238, 226, 214) bg=rgba(0, 0, 0, 0) fill=rgb(238, 226, 214)
    LEAF <span> size=18x18 bw=1px bc=rgb(60, 65, 67) bg=rgba(0, 0, 0, 0) fill=rgb(0, 0, 0)

