{
  "composer": {
    "found": true,
    "testid": "quick-add",
    "ariaLabel": "Quick Add",
    "size": "580x66",
    "radius": "12px",
    "padding": "16px",
    "bg": "rgb(40, 40, 40)",
    "border": "1px solid rgb(61, 61, 61)",
    "shadow": "rgba(0, 0, 0, 0.2) 0px 4px 8px 0px",
    "footerButtons": [
      "More actions",
      "Cancel",
      "Dictate tasks with Ramble"
    ]
  },
  "recognition": {
    "found": true,
    "text": "tod",
    "matchId": "11 Sep",
    "highlighted": "true",
    "display": "inline-block",
    "paddingLeft": "4px",
    "paddingRight": "4px",
    "bg": "rgb(111, 38, 37)",
    "color": "rgb(255, 255, 255)",
    "radius": "3px",
    "fontSize": "16px",
    "lineHeight": "23px",
    "width": "32.31px"
  },
  "scheduler": {
    "found": false,
    "body": "Skip to task list\nHemang\nAdd task\nSearch\nInbox\n7\n11\nToday\n2\nUpcoming\nFilters & Labels\nReporting\nMy Projects\nGetting Started 👋\n14\nHelp & resources\nDisplay: 2\nInbox\nTask: \nRoom clean\nDate: \nToday\nTask: \nRoller thigh pain\nDate: \nToday\nTask: \nhair wash\nDate: \nTomorrow\nTask: \nnaukri photo update\nDate: \n"
  },
  "afterEscape": {
    "dialogs": 0,
    "bodyHasDiscardPrompt": false,
    "taskCount": 13
  }
}

