{
 "darkReader": {
  "proxyAttr": "true",
  "injectedStyleCount": 0,
  "anyDarkreaderClassNodes": 0,
  "inlineRewrittenNodes": 0,
  "verdict": "NOT restyling this page — measurements are genuine"
 },
 "theme": "theme_dark todoist_loaded",
 "bodyBg": "rgb(38, 38, 38)",
 "today": {
  "text": "Today",
  "color": "rgb(37, 184, 76)"
 },
 "tomorrow": {
  "text": "Tomorrow",
  "color": "rgb(255, 154, 20)"
 },
 "completed": {
  "text": "1 Sep",
  "color": "rgb(204, 204, 204)"
 },
 "completedTitleColor": "rgb(128, 128, 128)",
 "ringP1": {
  "width": "2px",
  "color": "rgb(255, 112, 102)"
 },
 "ringP4": {
  "width": "1px",
  "color": "rgb(169, 169, 169)"
 },
 "rowBg": "rgb(31, 31, 31)",
 "rowBorder": "1px solid rgb(61, 61, 61)"
}
closed spare page p2

