{
 "viewport": {
  "w": 1470,
  "h": 836
 },
 "heading": {
  "text": "Inbox",
  "tag": "h1",
  "box": {
   "w": 68,
   "h": 35,
   "left": 467,
   "right": 534
  },
  "fontSize": "26px",
  "fontWeight": "700",
  "lineHeight": "35px",
  "color": "rgb(255, 255, 255)"
 },
 "list": {
  "box": {
   "w": 800,
   "h": 467,
   "left": 468,
   "right": 1268
  },
  "maxWidth": "none"
 },
 "firstRow": {
  "box": {
   "w": 800,
   "h": 59,
   "left": 468,
   "right": 1268
  }
 },
 "sidebar": {
  "box": {
   "w": 280,
   "h": 836,
   "left": 0,
   "right": 280
  },
  "bg": "rgba(0, 0, 0, 0)"
 },
 "addTaskRow": {
  "text": "Add task",
  "box": {
   "w": 779,
   "h": 33,
   "left": 461,
   "right": 1240
  },
  "color": "rgb(128, 128, 128)",
  "fontSize": "14px",
  "isBelowFirstRow": true
 }
}

