using page: p2

=== chrome-extension://eimadpbcbfnmbkopoojfekhnkhdbieeh/ui/popup/index.html ===
{
 "title": "Dark Reader settings",
 "bodyLen": 1591,
 "text": "Loading, please wait | Dark Reader |  about: | This page is protected by browser | On | Off | Configure automation | Filter | Site list | More | Dark | Light | Mode | Brightness | off | Contrast | off | Sepia | off | Grayscale | off | Only for about: | 🎉 | Dark Reader celebrates 12 years. Please support our work. | Pay for using Dark Reader | Invert listed only | Not invert listed | Add site to list: ⌥⇧A | Academy Engraved LET | Adelle Sans Devanagari | A",
 "controls": [
  "Dark Reader",
  "about: This page is protected by browser",
  "about:",
  "site-toggle__mark",
  "about:",
  "On Off Configure automation",
  "On Off",
  "On",
  "Off",
  "header__app-toggle__time",
  "Filter",
  "Site list",
  "More",
  "Dark Light Mode",
  "Dark Light",
  "button mode-toggle__button--active",
  "Dark Light",
  "Dark",
  "Light",
  "button",
  "Mode",
  "button updown__button",
  "button updown__button",
  "button updown__button",
  "button updown__button",
  "button updown__button updown__button--disabled",
  "button updown__button",
  "button updown__button updown__button--disabled",
  "button updown__button",
  "Only for about:",
  "Only for about:",
  "about:",
  "12 years",
  "Pay for using Dark Reader",
  "Invert listed only Not invert listed",
  "Invert listed only",
  "Not invert listed",
  "textbox text-list__textbox",
  "Add site to list: ⌥⇧A",
  "checkbox__input"
 ]
}
--- snapshot ---
[p2 "Dark Reader settings" | space "todoist capture pass 2"(30): 2 managed, 0 untracked — p1 "Inbox – Todoist", p2* "Dark Reader settings"]
root
  text "Loading, please wait"
  container
    anchor [ref=1, loc=href:https://darkreader.org/, url=https://darkreader.org/]
    container
      button [ref=2]
        svg_root
        text "about:"
      container
        svg_root
        text "This page is protected by browser"
    container
      container
        text "On"
        text "Off"
      container
        svg_root
        text "Configure automation"
  container
    container
      button [ref=3]
        text "Filter"
      button [ref=4]
        text "Site list"
      button [ref=5]
        text "More"
    container
      container
        container
          button [ref=6]
          container
            text "Dark"
            text "Light"
          button [ref=7]
        text "Mode"
      container
        container
          button [ref=8]
          text "Brightness"
          button [ref=9]
        text "off"
      container
        container
          button [ref=10]
          text "Contrast"
          button [ref=11]
        text "off"
      container
        container
          button [ref=12]
          text "Sepia"
          button [ref=13]
        text "off"
      container
        container
          button [ref=14]
          text "Grayscale"
          button [ref=15]
        text "off"
      button [ref=16]
        text "Only for"
        text "about:"
      container
        container
          text "Dark Reader celebrates"
          anchor [ref=17, loc=href:https://darkreader.org/timeline/, url=https://darkreader.org/timeline/]
            text "12 years"
          text ". Please support our work."
        anchor [ref=18, url=https://darkreader.org/support-us/]
          text "Pay for using Dark Reader"
  container
    anchor [ref=19, loc=href:https://darkreader.org/help/en/, url=https://darkreader.org/help/en/]
      text "?"
      text "Help"
    button [ref=20]
      text "News"
    button [ref=21]
      svg_root
      text "Mobile"
  button [ref=22]
    text "Enabled by Default"
  textbox [ref=23, loc=css:input[placeholder="18:00"]]
    text "06"
    text ":"
    text "00"
    text "PM"
  textbox [ref=24, loc=css:input[placeholder="09:00"]]
    text "09"
    text ":"
    text "00"
    text "AM"


